whisper_init_from_file_with_params_no_state: loading model from '/root/.cache/whisper/ggml-large-v3-turbo.bin'
whisper_init_with_params_no_state: use gpu    = 1
whisper_init_with_params_no_state: flash attn = 1
whisper_init_with_params_no_state: gpu_device = 0
whisper_init_with_params_no_state: dtw        = 0
whisper_init_with_params_no_state: devices    = 1
whisper_init_with_params_no_state: backends   = 1
whisper_model_load: loading model
whisper_model_load: n_vocab       = 51866
whisper_model_load: n_audio_ctx   = 1500
whisper_model_load: n_audio_state = 1280
whisper_model_load: n_audio_head  = 20
whisper_model_load: n_audio_layer = 32
whisper_model_load: n_text_ctx    = 448
whisper_model_load: n_text_state  = 1280
whisper_model_load: n_text_head   = 20
whisper_model_load: n_text_layer  = 4
whisper_model_load: n_mels        = 128
whisper_model_load: ftype         = 1
whisper_model_load: qntvr         = 0
whisper_model_load: type          = 5 (large v3)
whisper_model_load: adding 1609 extra tokens
whisper_model_load: n_langs       = 100
whisper_model_load:          AMX total size =  1468.01 MB
whisper_model_load:          CPU total size =   155.91 MB
whisper_model_load: model size    = 1623.92 MB
whisper_backend_init_gpu: device 0: CPU (type: 0)
whisper_backend_init_gpu: no GPU found
whisper_init_state: kv self size  =   10.49 MB
whisper_init_state: kv cross size =   31.46 MB
whisper_init_state: kv pad  size  =    7.86 MB
whisper_init_state: compute buffer (conv)   =   36.15 MB
whisper_init_state: compute buffer (encode) =   55.35 MB
whisper_init_state: compute buffer (cross)  =    9.27 MB
whisper_init_state: compute buffer (decode) =   99.12 MB
read_audio_data: reading audio data from 'work/reg/r23.wav' ...
read_audio_data: trying to decode with miniaudio

system_info: n_threads = 4 / 4 | WHISPER : VITISAI = 0 | COREML = 0 | OPENVINO = 0 | CPU : SSE3 = 1 | SSSE3 = 1 | AVX = 1 | AVX_VNNI = 1 | AVX2 = 1 | F16C = 1 | FMA = 1 | BMI2 = 1 | AVX512 = 1 | AVX512_VBMI = 1 | AVX512_VNNI = 1 | AVX512_BF16 = 1 | AMX_INT8 = 1 | OPENMP = 1 | REPACK = 1 | 

main: processing 'work/reg/r23.wav' (123536 samples, 7.7 sec), 4 threads, 1 processors, 5 beams + best of 5, lang = pt, task = transcribe, timestamps = 1 ...


[00:00:00.000 --> 00:00:00.300]  
[00:00:00.300 --> 00:00:00.990]   Pulou,
[00:00:00.990 --> 00:00:01.580]   afundou
[00:00:01.580 --> 00:00:01.870]   e
[00:00:01.870 --> 00:00:02.370]   atravessou
[00:00:02.370 --> 00:00:02.440]   a
[00:00:02.440 --> 00:00:02.950]   piscina
[00:00:02.950 --> 00:00:03.460]   andando
[00:00:03.460 --> 00:00:03.600]   no
[00:00:03.600 --> 00:00:04.240]   fundo.
[00:00:04.740 --> 00:00:04.980]   Subiu
[00:00:04.980 --> 00:00:05.040]   sem
[00:00:05.040 --> 00:00:05.460]   ar.
[00:00:05.760 --> 00:00:06.320]   Desculpa,
[00:00:06.320 --> 00:00:06.750]   eu
[00:00:06.750 --> 00:00:06.770]   não
[00:00:06.770 --> 00:00:07.010]   sei
[00:00:07.010 --> 00:00:07.720]   nadar.
output_json: saving output to 'work/reg/r23.json'

whisper_print_timings:     load time =  1088.83 ms
whisper_print_timings:     fallbacks =   0 p /   0 h
whisper_print_timings:      mel time =    20.28 ms
whisper_print_timings:   sample time =   190.08 ms /   200 runs (     0.95 ms per run)
whisper_print_timings:   encode time =  8480.38 ms /     1 runs (  8480.38 ms per run)
whisper_print_timings:   decode time =     0.00 ms /     1 runs (     0.00 ms per run)
whisper_print_timings:   batchd time =  1875.57 ms /   198 runs (     9.47 ms per run)
whisper_print_timings:   prompt time =     0.00 ms /     1 runs (     0.00 ms per run)
whisper_print_timings:    total time = 11921.14 ms
