whisper_init_from_file_with_params_no_state: loading model from '/root/.cache/whisper/ggml-large-v3-turbo.bin'
whisper_init_with_params_no_state: use gpu    = 1
whisper_init_with_params_no_state: flash attn = 1
whisper_init_with_params_no_state: gpu_device = 0
whisper_init_with_params_no_state: dtw        = 0
whisper_init_with_params_no_state: devices    = 1
whisper_init_with_params_no_state: backends   = 1
whisper_model_load: loading model
whisper_model_load: n_vocab       = 51866
whisper_model_load: n_audio_ctx   = 1500
whisper_model_load: n_audio_state = 1280
whisper_model_load: n_audio_head  = 20
whisper_model_load: n_audio_layer = 32
whisper_model_load: n_text_ctx    = 448
whisper_model_load: n_text_state  = 1280
whisper_model_load: n_text_head   = 20
whisper_model_load: n_text_layer  = 4
whisper_model_load: n_mels        = 128
whisper_model_load: ftype         = 1
whisper_model_load: qntvr         = 0
whisper_model_load: type          = 5 (large v3)
whisper_model_load: adding 1609 extra tokens
whisper_model_load: n_langs       = 100
whisper_model_load:          AMX total size =  1468.01 MB
whisper_model_load:          CPU total size =   155.91 MB
whisper_model_load: model size    = 1623.92 MB
whisper_backend_init_gpu: device 0: CPU (type: 0)
whisper_backend_init_gpu: no GPU found
whisper_init_state: kv self size  =   10.49 MB
whisper_init_state: kv cross size =   31.46 MB
whisper_init_state: kv pad  size  =    7.86 MB
whisper_init_state: compute buffer (conv)   =   36.15 MB
whisper_init_state: compute buffer (encode) =   55.35 MB
whisper_init_state: compute buffer (cross)  =    9.27 MB
whisper_init_state: compute buffer (decode) =   99.12 MB
read_audio_data: reading audio data from 'work/reg/r26.wav' ...
read_audio_data: trying to decode with miniaudio

system_info: n_threads = 4 / 4 | WHISPER : VITISAI = 0 | COREML = 0 | OPENVINO = 0 | CPU : SSE3 = 1 | SSSE3 = 1 | AVX = 1 | AVX_VNNI = 1 | AVX2 = 1 | F16C = 1 | FMA = 1 | BMI2 = 1 | AVX512 = 1 | AVX512_VBMI = 1 | AVX512_VNNI = 1 | AVX512_BF16 = 1 | AMX_INT8 = 1 | OPENMP = 1 | REPACK = 1 | 

main: processing 'work/reg/r26.wav' (101536 samples, 6.3 sec), 4 threads, 1 processors, 5 beams + best of 5, lang = pt, task = transcribe, timestamps = 1 ...


[00:00:00.000 --> 00:00:00.000]  
[00:00:00.000 --> 00:00:00.590]   Coragem
[00:00:00.590 --> 00:00:00.760]   de
[00:00:00.760 --> 00:00:01.440]   aparecer
[00:00:01.440 --> 00:00:02.010]   ali,
[00:00:02.010 --> 00:00:02.510]   ninguém
[00:00:02.510 --> 00:00:03.060]   ensina.
[00:00:03.500 --> 00:00:03.500]   Você
[00:00:03.500 --> 00:00:03.910]   reprova
[00:00:03.910 --> 00:00:03.990]   esse
[00:00:03.990 --> 00:00:04.430]   moleque
[00:00:04.430 --> 00:00:04.600]   no
[00:00:04.600 --> 00:00:05.210]   currículo,
[00:00:05.210 --> 00:00:05.510]   meu
[00:00:05.510 --> 00:00:05.940]   amigo?
output_json: saving output to 'work/reg/r26.json'

whisper_print_timings:     load time =  1064.86 ms
whisper_print_timings:     fallbacks =   0 p /   0 h
whisper_print_timings:      mel time =    11.66 ms
whisper_print_timings:   sample time =   143.75 ms /   143 runs (     1.01 ms per run)
whisper_print_timings:   encode time =  8543.51 ms /     1 runs (  8543.51 ms per run)
whisper_print_timings:   decode time =     0.00 ms /     1 runs (     0.00 ms per run)
whisper_print_timings:   batchd time =  1410.63 ms /   141 runs (    10.00 ms per run)
whisper_print_timings:   prompt time =     0.00 ms /     1 runs (     0.00 ms per run)
whisper_print_timings:    total time = 11520.85 ms
