whisper_init_from_file_with_params_no_state: loading model from '/root/.cache/whisper/ggml-large-v3-turbo.bin'
whisper_init_with_params_no_state: use gpu    = 1
whisper_init_with_params_no_state: flash attn = 1
whisper_init_with_params_no_state: gpu_device = 0
whisper_init_with_params_no_state: dtw        = 0
whisper_init_with_params_no_state: devices    = 1
whisper_init_with_params_no_state: backends   = 1
whisper_model_load: loading model
whisper_model_load: n_vocab       = 51866
whisper_model_load: n_audio_ctx   = 1500
whisper_model_load: n_audio_state = 1280
whisper_model_load: n_audio_head  = 20
whisper_model_load: n_audio_layer = 32
whisper_model_load: n_text_ctx    = 448
whisper_model_load: n_text_state  = 1280
whisper_model_load: n_text_head   = 20
whisper_model_load: n_text_layer  = 4
whisper_model_load: n_mels        = 128
whisper_model_load: ftype         = 1
whisper_model_load: qntvr         = 0
whisper_model_load: type          = 5 (large v3)
whisper_model_load: adding 1609 extra tokens
whisper_model_load: n_langs       = 100
whisper_model_load:          AMX total size =  1468.01 MB
whisper_model_load:          CPU total size =   155.91 MB
whisper_model_load: model size    = 1623.92 MB
whisper_backend_init_gpu: device 0: CPU (type: 0)
whisper_backend_init_gpu: no GPU found
whisper_init_state: kv self size  =   10.49 MB
whisper_init_state: kv cross size =   31.46 MB
whisper_init_state: kv pad  size  =    7.86 MB
whisper_init_state: compute buffer (conv)   =   36.15 MB
whisper_init_state: compute buffer (encode) =   55.35 MB
whisper_init_state: compute buffer (cross)  =    9.27 MB
whisper_init_state: compute buffer (decode) =   99.12 MB
read_audio_data: reading audio data from 'work/reg/r14.wav' ...
read_audio_data: trying to decode with miniaudio

system_info: n_threads = 4 / 4 | WHISPER : VITISAI = 0 | COREML = 0 | OPENVINO = 0 | CPU : SSE3 = 1 | SSSE3 = 1 | AVX = 1 | AVX_VNNI = 1 | AVX2 = 1 | F16C = 1 | FMA = 1 | BMI2 = 1 | AVX512 = 1 | AVX512_VBMI = 1 | AVX512_VNNI = 1 | AVX512_BF16 = 1 | AMX_INT8 = 1 | OPENMP = 1 | REPACK = 1 | 

main: processing 'work/reg/r14.wav' (97024 samples, 6.1 sec), 4 threads, 1 processors, 5 beams + best of 5, lang = pt, task = transcribe, timestamps = 1 ...


[00:00:00.000 --> 00:00:00.000]  
[00:00:00.000 --> 00:00:00.310]   Na
[00:00:00.310 --> 00:00:01.180]   entrevista,
[00:00:01.180 --> 00:00:01.280]   me
[00:00:01.280 --> 00:00:01.630]   conta
[00:00:01.630 --> 00:00:01.700]   o
[00:00:01.700 --> 00:00:01.970]   dia
[00:00:01.970 --> 00:00:02.200]   que
[00:00:02.200 --> 00:00:02.400]   tudo
[00:00:02.400 --> 00:00:02.610]   deu
[00:00:02.610 --> 00:00:03.060]   errado
[00:00:03.060 --> 00:00:03.230]   no
[00:00:03.230 --> 00:00:03.480]   seu
[00:00:03.480 --> 00:00:03.990]   último
[00:00:03.990 --> 00:00:04.600]   emprego.
[00:00:04.600 --> 00:00:04.900]   O
[00:00:04.900 --> 00:00:05.010]   que
[00:00:05.010 --> 00:00:05.470]   você
[00:00:05.470 --> 00:00:06.060]   fez?
output_json: saving output to 'work/reg/r14.json'

whisper_print_timings:     load time =  1071.27 ms
whisper_print_timings:     fallbacks =   0 p /   0 h
whisper_print_timings:      mel time =    11.45 ms
whisper_print_timings:   sample time =   137.88 ms /   137 runs (     1.01 ms per run)
whisper_print_timings:   encode time =  8491.48 ms /     1 runs (  8491.48 ms per run)
whisper_print_timings:   decode time =     0.00 ms /     1 runs (     0.00 ms per run)
whisper_print_timings:   batchd time =  1280.24 ms /   135 runs (     9.48 ms per run)
whisper_print_timings:   prompt time =     0.00 ms /     1 runs (     0.00 ms per run)
whisper_print_timings:    total time = 11202.50 ms
